              	; --------------------------------------
              	; zasm: assemble "boot.asm"
              	; date: 2023-02-25 22:28:09
              	; --------------------------------------


              	;
              	;**************************************************************
              	;*
              	;*        I S H K U R   F D C   B O O T S T R A P
              	;*
              	;**************************************************************
              	;
              	
              	
              		; NABU bootstrap loads in at 0xC000
C000:         		org	0xC000
              		
              		; Boot start same as NABU bootstrap
C000: 00      	base:	nop
C001: 00      		nop
C002: 00      		nop
C003: F3      		di
C004: 3100C0  		ld	sp,base
              		
              		;set TMS to text mode to indicate boot
              		;in	a,(0xA1)
              		;ld	a,0x40
              		;out	(0xA1),a
              		;ld	a,0x80
              		;out	(0xA1),a
              		
              		;in	a,(0xA1)
              		;ld	a,0x0B
              		;out	(0xA1),a
              		;ld	a,0x81
              		;out	(0xA1),a
              		
C007: DBA1    		in	a,(0xA1)
C009: 3EE1    		ld	a,0xE1
C00B: D3A1    		out	(0xA1),a
C00D: 3E87    		ld	a,0x87
C00F: D3A1    		out	(0xA1),a
              		
              		; loop endlessly
C011:         	loop:
C011: 76      		halt
C012: C311C0  		jp	loop


; +++ segments +++

#CODE          = $C000 = 49152,  size = $0015 =    21

; +++ global symbols +++

_end    = $C015 = 49173          boot.asm:11 (unused)
_size   = $0015 =    21          boot.asm:11 (unused)
base    = $C000 = 49152          boot.asm:14
loop    = $C011 = 49169          boot.asm:40


total time: 0.0021 sec.
no errors
