              	; --------------------------------------
              	; zasm: assemble "boot\boot_nhacp.asm"
              	; date: 2023-03-11 20:39:01
              	; --------------------------------------


              	;
              	;**************************************************************
              	;*
              	;*        I S H K U R   F D C   B O O T S T R A P
              	;*
              	;**************************************************************
              	;
              	
0006:         	nsec	equ	6		; # of BDOS+BIOS sectors
0037:         	mem	equ	55		; CP/M image starts at mem*1024
              					; Should be same as cpm22.asm
              	
              		; NABU bootstrap loads in at 0xC000
C000:         		org	0xC000
              		
              	; Boot start same as NABU bootstrap
              	; Not sure why the nops are here, but I am keeping them
C000: 00      	base:	nop
C001: 00      		nop
C002: 00      		nop
C003: F3      		di
C004: 3100C0  		ld	sp,base
C007: 1803    		jr	tmsini
              	
              	; Panic!
              	; Just jump to the start of ROM at this point
C009: C30000  	panic:	jp	0
              		
              		; Change TMS color mode to indicate successful boot
C00C: DBA1    	tmsini:	in	a,(0xA1)
C00E: 3EE1    		ld	a,0xE1
C010: D3A1    		out	(0xA1),a
C012: 3E87    		ld	a,0x87
C014: D3A1    		out	(0xA1),a
              	
C016: 18FE    	loop:	jr	loop
              		


; +++ segments +++

#CODE          = $C000 = 49152,  size = $0018 =    24

; +++ global symbols +++

_end    = $C018 = 49176          boot\boot_nhacp.asm:14 (unused)
_size   = $0018 =    24          boot\boot_nhacp.asm:14 (unused)
base    = $C000 = 49152          boot\boot_nhacp.asm:18
loop    = $C016 = 49174          boot\boot_nhacp.asm:36
mem     = $0037 =    55          boot\boot_nhacp.asm:10 (unused)
nsec    = $0006 =     6          boot\boot_nhacp.asm:9 (unused)
panic   = $C009 = 49161          boot\boot_nhacp.asm:27 (unused)
tmsini  = $C00C = 49164          boot\boot_nhacp.asm:30


total time: 0.0015 sec.
no errors
